// Vitest Snapshot v1, https://vitest.dev/guide/snapshot.html

exports[`session must be scored at a next animation frame 1`] = `
[
  [
    "https://plausible.io/api/event",
    {
      "body": "{"n":"Session scored","u":"https://example.org/","d":"example.org","r":null,"w":1024,"h":0,"p":"{\\"botScore\\":1,\\"botSignals\\":\\"no_plugins\\",\\"sessionAge\\":0,\\"timeZone\\":\\"Europe/Berlin\\",\\"language\\":\\"en-US\\",\\"languages\\":\\"en-US,en\\",\\"screenSize\\":\\"0x0\\",\\"hardwareConcurrency\\":16,\\"deviceMemory\\":0,\\"devicePixelRatio\\":1}"}",
      "headers": {
        "Content-Type": "text/plain",
      },
      "keepalive": true,
      "method": "POST",
    },
  ],
]
`;
